S...*..
v..***.
vooo...
v.oo...
v.o..**
v...***
>>>>>>G
