Sxxxxxxxxx
>v.......x
xv.......x
xv.......x
xv.......x
xv.......x
.>>>>>>>>v
.xxxxxxxxv
.xxx..xxxv
.........G
