Sxxxxxxxxx
>v.......x
xv.......x
xv.......x
xv.......x
xv.......x
v<........
vxxxxxxxx.
vxxxG.xxx.
>>>>^.....
