Gxxxxxxxxx
^<.......x
x^.......x
x^.......x
x^.......x
x^.......x
>^........
^xxxxxxxx.
^xxxvSxxx.
^<<<<.....
