S........o....***........
v....***oo.********......
>v***ooxxx***.~~*****....
xvooxxxxxx***.*****......
.v...xxxx***........xxo**
.>>>>>>>>>>v......****oox
..**....~~~v.....****.~~.
...~~~~.~**v...**.ooo..o.
.....~o~*..>>>>>>>>>>>v*.
...oo...~~~~.....*****>>G
