S***************
>v....o........*
*v....x........*
*v....x........*
*v...~x~.......*
*>v~x~.~x~.....*
*xv........x...*
x.v.........x..*
x.v..~~~~~~~x.~*
x.vx.x..x.x.x..x
x.vx...o...o...x
x.v.x~~~~~~~~~x*
x.v.........x..*
x.v..~~~~~~x...*
x.>>>>>>>>>>v..*
x....~~~~~~x>v.*
x~~~~~~~~~~~x>v*
**************>G
