Sxxxxxxxxxxxxxxxxxxxxxxxxxxxx
>>>>>>>>>>>>>>>>>>>>>>>>>>>>v
xxxxxxxxxxxxxxxxxxxxxxxxxxxxv
v<<<<<<<<<<<<<<<<<<<<<<<<<<<<
vxxxxxxxxxxxxxxxxxxxxxxxxxxxx
>>>>>>>>>>>>>>>>>>>>>>>>>>>>v
xxxxxxxxxxxxxxxxxxxxxxxxxxxxv
v<<<<<<<<<<<<<<<<<<<<<<<<<<<<
vxxxxxxxxxxxxxxxxxxxxxxxxxxxx
>>>>>>>>>>>>>>>>>>>>>>>>>>>>v
xxxxxxxxxxxxxxxxxxxxxxxxxxxxv
v<<<<<<<<<<<<<<<<<<<<<<<<<<<<
vxxxxxxxxxxxxxxxxxxxxxxxxxxxx
>>>>>>>>>>>>>>>>>>>>>>>>>>>>v
xxxxxxxxxxxxxxxxxxxxxxxxxxxxv
v<<<<<<<<<<<<<<<<<<<<<<<<<<<<
Gxxxxxxxxxxxxxxxxxxxxxxxxxxxx
